[2025-11-03 21:59:38] local.ERROR: could not find driver (Connection: sqlsrv, SQL: delete from [cache]) {"exception":"[object] (Illuminate\\Database\\QueryException(code: 0): could not find driver (Connection: sqlsrv, SQL: delete from [cache]) at /home/user/sistema-votacao-cnt/codigo-fonte/servico/vendor/laravel/framework/src/Illuminate/Database/Connection.php:825)
[stacktrace]
#0 /home/user/sistema-votacao-cnt/codigo-fonte/servico/vendor/laravel/framework/src/Illuminate/Database/Connection.php(779): Illuminate\\Database\\Connection->runQueryCallback()
#1 /home/user/sistema-votacao-cnt/codigo-fonte/servico/vendor/laravel/framework/src/Illuminate/Database/Connection.php(584): Illuminate\\Database\\Connection->run()
#2 /home/user/sistema-votacao-cnt/codigo-fonte/servico/vendor/laravel/framework/src/Illuminate/Database/Connection.php(548): Illuminate\\Database\\Connection->affectingStatement()
#3 /home/user/sistema-votacao-cnt/codigo-fonte/servico/vendor/laravel/framework/src/Illuminate/Database/Query/Builder.php(4024): Illuminate\\Database\\Connection->delete()
#4 /home/user/sistema-votacao-cnt/codigo-fonte/servico/vendor/laravel/framework/src/Illuminate/Cache/DatabaseStore.php(422): Illuminate\\Database\\Query\\Builder->delete()
#5 /home/user/sistema-votacao-cnt/codigo-fonte/servico/vendor/laravel/framework/src/Illuminate/Cache/Repository.php(792): Illuminate\\Cache\\DatabaseStore->flush()
#6 /home/user/sistema-votacao-cnt/codigo-fonte/servico/vendor/laravel/framework/src/Illuminate/Cache/Console/ClearCommand.php(69): Illuminate\\Cache\\Repository->__call()
#7 /home/user/sistema-votacao-cnt/codigo-fonte/servico/vendor/laravel/framework/src/Illuminate/Container/BoundMethod.php(36): Illuminate\\Cache\\Console\\ClearCommand->handle()
#8 /home/user/sistema-votacao-cnt/codigo-fonte/servico/vendor/laravel/framework/src/Illuminate/Container/Util.php(43): Illuminate\\Container\\BoundMethod::{closure:Illuminate\\Container\\BoundMethod::call():35}()
#9 /home/user/sistema-votacao-cnt/codigo-fonte/servico/vendor/laravel/framework/src/Illuminate/Container/BoundMethod.php(95): Illuminate\\Container\\Util::unwrapIfClosure()
#10 /home/user/sistema-votacao-cnt/codigo-fonte/servico/vendor/laravel/framework/src/Illuminate/Container/BoundMethod.php(35): Illuminate\\Container\\BoundMethod::callBoundMethod()
#11 /home/user/sistema-votacao-cnt/codigo-fonte/servico/vendor/laravel/framework/src/Illuminate/Container/Container.php(696): Illuminate\\Container\\BoundMethod::call()
#12 /home/user/sistema-votacao-cnt/codigo-fonte/servico/vendor/laravel/framework/src/Illuminate/Console/Command.php(213): Illuminate\\Container\\Container->call()
#13 /home/user/sistema-votacao-cnt/codigo-fonte/servico/vendor/symfony/console/Command/Command.php(318): Illuminate\\Console\\Command->execute()
#14 /home/user/sistema-votacao-cnt/codigo-fonte/servico/vendor/laravel/framework/src/Illuminate/Console/Command.php(182): Symfony\\Component\\Console\\Command\\Command->run()
#15 /home/user/sistema-votacao-cnt/codigo-fonte/servico/vendor/symfony/console/Application.php(1073): Illuminate\\Console\\Command->run()
#16 /home/user/sistema-votacao-cnt/codigo-fonte/servico/vendor/symfony/console/Application.php(356): Symfony\\Component\\Console\\Application->doRunCommand()
#17 /home/user/sistema-votacao-cnt/codigo-fonte/servico/vendor/symfony/console/Application.php(195): Symfony\\Component\\Console\\Application->doRun()
#18 /home/user/sistema-votacao-cnt/codigo-fonte/servico/vendor/laravel/framework/src/Illuminate/Foundation/Console/Kernel.php(198): Symfony\\Component\\Console\\Application->run()
#19 /home/user/sistema-votacao-cnt/codigo-fonte/servico/artisan(24): Illuminate\\Foundation\\Console\\Kernel->handle()
#20 {main}

[previous exception] [object] (PDOException(code: 0): could not find driver at /home/user/sistema-votacao-cnt/codigo-fonte/servico/vendor/laravel/framework/src/Illuminate/Database/Connectors/Connector.php:67)
[stacktrace]
#0 /home/user/sistema-votacao-cnt/codigo-fonte/servico/vendor/laravel/framework/src/Illuminate/Database/Connectors/Connector.php(67): PDO::connect()
#1 /home/user/sistema-votacao-cnt/codigo-fonte/servico/vendor/laravel/framework/src/Illuminate/Database/Connectors/Connector.php(44): Illuminate\\Database\\Connectors\\Connector->createPdoConnection()
#2 /home/user/sistema-votacao-cnt/codigo-fonte/servico/vendor/laravel/framework/src/Illuminate/Database/Connectors/SqlServerConnector.php(32): Illuminate\\Database\\Connectors\\Connector->createConnection()
#3 /home/user/sistema-votacao-cnt/codigo-fonte/servico/vendor/laravel/framework/src/Illuminate/Database/Connectors/ConnectionFactory.php(185): Illuminate\\Database\\Connectors\\SqlServerConnector->connect()
#4 [internal function]: Illuminate\\Database\\Connectors\\ConnectionFactory->{closure:Illuminate\\Database\\Connectors\\ConnectionFactory::createPdoResolverWithHosts():180}()
#5 /home/user/sistema-votacao-cnt/codigo-fonte/servico/vendor/laravel/framework/src/Illuminate/Database/Connection.php(1231): call_user_func()
#6 /home/user/sistema-votacao-cnt/codigo-fonte/servico/vendor/laravel/framework/src/Illuminate/Database/Connection.php(592): Illuminate\\Database\\Connection->getPdo()
#7 /home/user/sistema-votacao-cnt/codigo-fonte/servico/vendor/laravel/framework/src/Illuminate/Database/Connection.php(812): Illuminate\\Database\\Connection->{closure:Illuminate\\Database\\Connection::affectingStatement():584}()
#8 /home/user/sistema-votacao-cnt/codigo-fonte/servico/vendor/laravel/framework/src/Illuminate/Database/Connection.php(779): Illuminate\\Database\\Connection->runQueryCallback()
#9 /home/user/sistema-votacao-cnt/codigo-fonte/servico/vendor/laravel/framework/src/Illuminate/Database/Connection.php(584): Illuminate\\Database\\Connection->run()
#10 /home/user/sistema-votacao-cnt/codigo-fonte/servico/vendor/laravel/framework/src/Illuminate/Database/Connection.php(548): Illuminate\\Database\\Connection->affectingStatement()
#11 /home/user/sistema-votacao-cnt/codigo-fonte/servico/vendor/laravel/framework/src/Illuminate/Database/Query/Builder.php(4024): Illuminate\\Database\\Connection->delete()
#12 /home/user/sistema-votacao-cnt/codigo-fonte/servico/vendor/laravel/framework/src/Illuminate/Cache/DatabaseStore.php(422): Illuminate\\Database\\Query\\Builder->delete()
#13 /home/user/sistema-votacao-cnt/codigo-fonte/servico/vendor/laravel/framework/src/Illuminate/Cache/Repository.php(792): Illuminate\\Cache\\DatabaseStore->flush()
#14 /home/user/sistema-votacao-cnt/codigo-fonte/servico/vendor/laravel/framework/src/Illuminate/Cache/Console/ClearCommand.php(69): Illuminate\\Cache\\Repository->__call()
#15 /home/user/sistema-votacao-cnt/codigo-fonte/servico/vendor/laravel/framework/src/Illuminate/Container/BoundMethod.php(36): Illuminate\\Cache\\Console\\ClearCommand->handle()
#16 /home/user/sistema-votacao-cnt/codigo-fonte/servico/vendor/laravel/framework/src/Illuminate/Container/Util.php(43): Illuminate\\Container\\BoundMethod::{closure:Illuminate\\Container\\BoundMethod::call():35}()
#17 /home/user/sistema-votacao-cnt/codigo-fonte/servico/vendor/laravel/framework/src/Illuminate/Container/BoundMethod.php(95): Illuminate\\Container\\Util::unwrapIfClosure()
#18 /home/user/sistema-votacao-cnt/codigo-fonte/servico/vendor/laravel/framework/src/Illuminate/Container/BoundMethod.php(35): Illuminate\\Container\\BoundMethod::callBoundMethod()
#19 /home/user/sistema-votacao-cnt/codigo-fonte/servico/vendor/laravel/framework/src/Illuminate/Container/Container.php(696): Illuminate\\Container\\BoundMethod::call()
#20 /home/user/sistema-votacao-cnt/codigo-fonte/servico/vendor/laravel/framework/src/Illuminate/Console/Command.php(213): Illuminate\\Container\\Container->call()
#21 /home/user/sistema-votacao-cnt/codigo-fonte/servico/vendor/symfony/console/Command/Command.php(318): Illuminate\\Console\\Command->execute()
#22 /home/user/sistema-votacao-cnt/codigo-fonte/servico/vendor/laravel/framework/src/Illuminate/Console/Command.php(182): Symfony\\Component\\Console\\Command\\Command->run()
#23 /home/user/sistema-votacao-cnt/codigo-fonte/servico/vendor/symfony/console/Application.php(1073): Illuminate\\Console\\Command->run()
#24 /home/user/sistema-votacao-cnt/codigo-fonte/servico/vendor/symfony/console/Application.php(356): Symfony\\Component\\Console\\Application->doRunCommand()
#25 /home/user/sistema-votacao-cnt/codigo-fonte/servico/vendor/symfony/console/Application.php(195): Symfony\\Component\\Console\\Application->doRun()
#26 /home/user/sistema-votacao-cnt/codigo-fonte/servico/vendor/laravel/framework/src/Illuminate/Foundation/Console/Kernel.php(198): Symfony\\Component\\Console\\Application->run()
#27 /home/user/sistema-votacao-cnt/codigo-fonte/servico/artisan(24): Illuminate\\Foundation\\Console\\Kernel->handle()
#28 {main}
"} 
[2025-11-04 08:47:14] local.ERROR: could not find driver (Connection: sqlsrv, SQL: delete from [cache]) {"exception":"[object] (Illuminate\\Database\\QueryException(code: 0): could not find driver (Connection: sqlsrv, SQL: delete from [cache]) at /home/user/sistema-votacao-cnt/codigo-fonte/servico/vendor/laravel/framework/src/Illuminate/Database/Connection.php:825)
[stacktrace]
#0 /home/user/sistema-votacao-cnt/codigo-fonte/servico/vendor/laravel/framework/src/Illuminate/Database/Connection.php(779): Illuminate\\Database\\Connection->runQueryCallback()
#1 /home/user/sistema-votacao-cnt/codigo-fonte/servico/vendor/laravel/framework/src/Illuminate/Database/Connection.php(584): Illuminate\\Database\\Connection->run()
#2 /home/user/sistema-votacao-cnt/codigo-fonte/servico/vendor/laravel/framework/src/Illuminate/Database/Connection.php(548): Illuminate\\Database\\Connection->affectingStatement()
#3 /home/user/sistema-votacao-cnt/codigo-fonte/servico/vendor/laravel/framework/src/Illuminate/Database/Query/Builder.php(4024): Illuminate\\Database\\Connection->delete()
#4 /home/user/sistema-votacao-cnt/codigo-fonte/servico/vendor/laravel/framework/src/Illuminate/Cache/DatabaseStore.php(422): Illuminate\\Database\\Query\\Builder->delete()
#5 /home/user/sistema-votacao-cnt/codigo-fonte/servico/vendor/laravel/framework/src/Illuminate/Cache/Repository.php(792): Illuminate\\Cache\\DatabaseStore->flush()
#6 /home/user/sistema-votacao-cnt/codigo-fonte/servico/vendor/laravel/framework/src/Illuminate/Cache/Console/ClearCommand.php(69): Illuminate\\Cache\\Repository->__call()
#7 /home/user/sistema-votacao-cnt/codigo-fonte/servico/vendor/laravel/framework/src/Illuminate/Container/BoundMethod.php(36): Illuminate\\Cache\\Console\\ClearCommand->handle()
#8 /home/user/sistema-votacao-cnt/codigo-fonte/servico/vendor/laravel/framework/src/Illuminate/Container/Util.php(43): Illuminate\\Container\\BoundMethod::{closure:Illuminate\\Container\\BoundMethod::call():35}()
#9 /home/user/sistema-votacao-cnt/codigo-fonte/servico/vendor/laravel/framework/src/Illuminate/Container/BoundMethod.php(95): Illuminate\\Container\\Util::unwrapIfClosure()
#10 /home/user/sistema-votacao-cnt/codigo-fonte/servico/vendor/laravel/framework/src/Illuminate/Container/BoundMethod.php(35): Illuminate\\Container\\BoundMethod::callBoundMethod()
#11 /home/user/sistema-votacao-cnt/codigo-fonte/servico/vendor/laravel/framework/src/Illuminate/Container/Container.php(696): Illuminate\\Container\\BoundMethod::call()
#12 /home/user/sistema-votacao-cnt/codigo-fonte/servico/vendor/laravel/framework/src/Illuminate/Console/Command.php(213): Illuminate\\Container\\Container->call()
#13 /home/user/sistema-votacao-cnt/codigo-fonte/servico/vendor/symfony/console/Command/Command.php(318): Illuminate\\Console\\Command->execute()
#14 /home/user/sistema-votacao-cnt/codigo-fonte/servico/vendor/laravel/framework/src/Illuminate/Console/Command.php(182): Symfony\\Component\\Console\\Command\\Command->run()
#15 /home/user/sistema-votacao-cnt/codigo-fonte/servico/vendor/symfony/console/Application.php(1073): Illuminate\\Console\\Command->run()
#16 /home/user/sistema-votacao-cnt/codigo-fonte/servico/vendor/symfony/console/Application.php(356): Symfony\\Component\\Console\\Application->doRunCommand()
#17 /home/user/sistema-votacao-cnt/codigo-fonte/servico/vendor/symfony/console/Application.php(195): Symfony\\Component\\Console\\Application->doRun()
#18 /home/user/sistema-votacao-cnt/codigo-fonte/servico/vendor/laravel/framework/src/Illuminate/Foundation/Console/Kernel.php(198): Symfony\\Component\\Console\\Application->run()
#19 /home/user/sistema-votacao-cnt/codigo-fonte/servico/artisan(24): Illuminate\\Foundation\\Console\\Kernel->handle()
#20 {main}

[previous exception] [object] (PDOException(code: 0): could not find driver at /home/user/sistema-votacao-cnt/codigo-fonte/servico/vendor/laravel/framework/src/Illuminate/Database/Connectors/Connector.php:67)
[stacktrace]
#0 /home/user/sistema-votacao-cnt/codigo-fonte/servico/vendor/laravel/framework/src/Illuminate/Database/Connectors/Connector.php(67): PDO::connect()
#1 /home/user/sistema-votacao-cnt/codigo-fonte/servico/vendor/laravel/framework/src/Illuminate/Database/Connectors/Connector.php(44): Illuminate\\Database\\Connectors\\Connector->createPdoConnection()
#2 /home/user/sistema-votacao-cnt/codigo-fonte/servico/vendor/laravel/framework/src/Illuminate/Database/Connectors/SqlServerConnector.php(32): Illuminate\\Database\\Connectors\\Connector->createConnection()
#3 /home/user/sistema-votacao-cnt/codigo-fonte/servico/vendor/laravel/framework/src/Illuminate/Database/Connectors/ConnectionFactory.php(185): Illuminate\\Database\\Connectors\\SqlServerConnector->connect()
#4 [internal function]: Illuminate\\Database\\Connectors\\ConnectionFactory->{closure:Illuminate\\Database\\Connectors\\ConnectionFactory::createPdoResolverWithHosts():180}()
#5 /home/user/sistema-votacao-cnt/codigo-fonte/servico/vendor/laravel/framework/src/Illuminate/Database/Connection.php(1231): call_user_func()
#6 /home/user/sistema-votacao-cnt/codigo-fonte/servico/vendor/laravel/framework/src/Illuminate/Database/Connection.php(592): Illuminate\\Database\\Connection->getPdo()
#7 /home/user/sistema-votacao-cnt/codigo-fonte/servico/vendor/laravel/framework/src/Illuminate/Database/Connection.php(812): Illuminate\\Database\\Connection->{closure:Illuminate\\Database\\Connection::affectingStatement():584}()
#8 /home/user/sistema-votacao-cnt/codigo-fonte/servico/vendor/laravel/framework/src/Illuminate/Database/Connection.php(779): Illuminate\\Database\\Connection->runQueryCallback()
#9 /home/user/sistema-votacao-cnt/codigo-fonte/servico/vendor/laravel/framework/src/Illuminate/Database/Connection.php(584): Illuminate\\Database\\Connection->run()
#10 /home/user/sistema-votacao-cnt/codigo-fonte/servico/vendor/laravel/framework/src/Illuminate/Database/Connection.php(548): Illuminate\\Database\\Connection->affectingStatement()
#11 /home/user/sistema-votacao-cnt/codigo-fonte/servico/vendor/laravel/framework/src/Illuminate/Database/Query/Builder.php(4024): Illuminate\\Database\\Connection->delete()
#12 /home/user/sistema-votacao-cnt/codigo-fonte/servico/vendor/laravel/framework/src/Illuminate/Cache/DatabaseStore.php(422): Illuminate\\Database\\Query\\Builder->delete()
#13 /home/user/sistema-votacao-cnt/codigo-fonte/servico/vendor/laravel/framework/src/Illuminate/Cache/Repository.php(792): Illuminate\\Cache\\DatabaseStore->flush()
#14 /home/user/sistema-votacao-cnt/codigo-fonte/servico/vendor/laravel/framework/src/Illuminate/Cache/Console/ClearCommand.php(69): Illuminate\\Cache\\Repository->__call()
#15 /home/user/sistema-votacao-cnt/codigo-fonte/servico/vendor/laravel/framework/src/Illuminate/Container/BoundMethod.php(36): Illuminate\\Cache\\Console\\ClearCommand->handle()
#16 /home/user/sistema-votacao-cnt/codigo-fonte/servico/vendor/laravel/framework/src/Illuminate/Container/Util.php(43): Illuminate\\Container\\BoundMethod::{closure:Illuminate\\Container\\BoundMethod::call():35}()
#17 /home/user/sistema-votacao-cnt/codigo-fonte/servico/vendor/laravel/framework/src/Illuminate/Container/BoundMethod.php(95): Illuminate\\Container\\Util::unwrapIfClosure()
#18 /home/user/sistema-votacao-cnt/codigo-fonte/servico/vendor/laravel/framework/src/Illuminate/Container/BoundMethod.php(35): Illuminate\\Container\\BoundMethod::callBoundMethod()
#19 /home/user/sistema-votacao-cnt/codigo-fonte/servico/vendor/laravel/framework/src/Illuminate/Container/Container.php(696): Illuminate\\Container\\BoundMethod::call()
#20 /home/user/sistema-votacao-cnt/codigo-fonte/servico/vendor/laravel/framework/src/Illuminate/Console/Command.php(213): Illuminate\\Container\\Container->call()
#21 /home/user/sistema-votacao-cnt/codigo-fonte/servico/vendor/symfony/console/Command/Command.php(318): Illuminate\\Console\\Command->execute()
#22 /home/user/sistema-votacao-cnt/codigo-fonte/servico/vendor/laravel/framework/src/Illuminate/Console/Command.php(182): Symfony\\Component\\Console\\Command\\Command->run()
#23 /home/user/sistema-votacao-cnt/codigo-fonte/servico/vendor/symfony/console/Application.php(1073): Illuminate\\Console\\Command->run()
#24 /home/user/sistema-votacao-cnt/codigo-fonte/servico/vendor/symfony/console/Application.php(356): Symfony\\Component\\Console\\Application->doRunCommand()
#25 /home/user/sistema-votacao-cnt/codigo-fonte/servico/vendor/symfony/console/Application.php(195): Symfony\\Component\\Console\\Application->doRun()
#26 /home/user/sistema-votacao-cnt/codigo-fonte/servico/vendor/laravel/framework/src/Illuminate/Foundation/Console/Kernel.php(198): Symfony\\Component\\Console\\Application->run()
#27 /home/user/sistema-votacao-cnt/codigo-fonte/servico/artisan(24): Illuminate\\Foundation\\Console\\Kernel->handle()
#28 {main}
"} 
[2025-11-04 08:54:02] local.ERROR: could not find driver (Connection: sqlsrv, SQL: select (case when object_id(N'migrations', 'U') is null then 0 else 1 end) as [exists]) {"exception":"[object] (Illuminate\\Database\\QueryException(code: 0): could not find driver (Connection: sqlsrv, SQL: select (case when object_id(N'migrations', 'U') is null then 0 else 1 end) as [exists]) at /home/user/sistema-votacao-cnt/codigo-fonte/servico/vendor/laravel/framework/src/Illuminate/Database/Connection.php:825)
[stacktrace]
#0 /home/user/sistema-votacao-cnt/codigo-fonte/servico/vendor/laravel/framework/src/Illuminate/Database/Connection.php(779): Illuminate\\Database\\Connection->runQueryCallback()
#1 /home/user/sistema-votacao-cnt/codigo-fonte/servico/vendor/laravel/framework/src/Illuminate/Database/Connection.php(398): Illuminate\\Database\\Connection->run()
#2 /home/user/sistema-votacao-cnt/codigo-fonte/servico/vendor/laravel/framework/src/Illuminate/Database/Connection.php(344): Illuminate\\Database\\Connection->select()
#3 /home/user/sistema-votacao-cnt/codigo-fonte/servico/vendor/laravel/framework/src/Illuminate/Database/Connection.php(361): Illuminate\\Database\\Connection->selectOne()
#4 /home/user/sistema-votacao-cnt/codigo-fonte/servico/vendor/laravel/framework/src/Illuminate/Database/Schema/SqlServerBuilder.php(47): Illuminate\\Database\\Connection->scalar()
#5 /home/user/sistema-votacao-cnt/codigo-fonte/servico/vendor/laravel/framework/src/Illuminate/Database/Migrations/DatabaseMigrationRepository.php(184): Illuminate\\Database\\Schema\\SqlServerBuilder->hasTable()
#6 /home/user/sistema-votacao-cnt/codigo-fonte/servico/vendor/laravel/framework/src/Illuminate/Database/Migrations/Migrator.php(742): Illuminate\\Database\\Migrations\\DatabaseMigrationRepository->repositoryExists()
#7 /home/user/sistema-votacao-cnt/codigo-fonte/servico/vendor/laravel/framework/src/Illuminate/Database/Console/Migrations/MigrateCommand.php(165): Illuminate\\Database\\Migrations\\Migrator->repositoryExists()
#8 /home/user/sistema-votacao-cnt/codigo-fonte/servico/vendor/laravel/framework/src/Illuminate/Support/helpers.php(338): Illuminate\\Database\\Console\\Migrations\\MigrateCommand->{closure:Illuminate\\Database\\Console\\Migrations\\MigrateCommand::repositoryExists():165}()
#9 /home/user/sistema-votacao-cnt/codigo-fonte/servico/vendor/laravel/framework/src/Illuminate/Database/Console/Migrations/MigrateCommand.php(165): retry()
#10 /home/user/sistema-votacao-cnt/codigo-fonte/servico/vendor/laravel/framework/src/Illuminate/Database/Console/Migrations/MigrateCommand.php(141): Illuminate\\Database\\Console\\Migrations\\MigrateCommand->repositoryExists()
#11 /home/user/sistema-votacao-cnt/codigo-fonte/servico/vendor/laravel/framework/src/Illuminate/Database/Console/Migrations/MigrateCommand.php(111): Illuminate\\Database\\Console\\Migrations\\MigrateCommand->prepareDatabase()
#12 /home/user/sistema-votacao-cnt/codigo-fonte/servico/vendor/laravel/framework/src/Illuminate/Database/Migrations/Migrator.php(658): Illuminate\\Database\\Console\\Migrations\\MigrateCommand->{closure:Illuminate\\Database\\Console\\Migrations\\MigrateCommand::runMigrations():110}()
#13 /home/user/sistema-votacao-cnt/codigo-fonte/servico/vendor/laravel/framework/src/Illuminate/Database/Console/Migrations/MigrateCommand.php(110): Illuminate\\Database\\Migrations\\Migrator->usingConnection()
#14 /home/user/sistema-votacao-cnt/codigo-fonte/servico/vendor/laravel/framework/src/Illuminate/Database/Console/Migrations/MigrateCommand.php(89): Illuminate\\Database\\Console\\Migrations\\MigrateCommand->runMigrations()
#15 /home/user/sistema-votacao-cnt/codigo-fonte/servico/vendor/laravel/framework/src/Illuminate/Container/BoundMethod.php(36): Illuminate\\Database\\Console\\Migrations\\MigrateCommand->handle()
#16 /home/user/sistema-votacao-cnt/codigo-fonte/servico/vendor/laravel/framework/src/Illuminate/Container/Util.php(43): Illuminate\\Container\\BoundMethod::{closure:Illuminate\\Container\\BoundMethod::call():35}()
#17 /home/user/sistema-votacao-cnt/codigo-fonte/servico/vendor/laravel/framework/src/Illuminate/Container/BoundMethod.php(95): Illuminate\\Container\\Util::unwrapIfClosure()
#18 /home/user/sistema-votacao-cnt/codigo-fonte/servico/vendor/laravel/framework/src/Illuminate/Container/BoundMethod.php(35): Illuminate\\Container\\BoundMethod::callBoundMethod()
#19 /home/user/sistema-votacao-cnt/codigo-fonte/servico/vendor/laravel/framework/src/Illuminate/Container/Container.php(696): Illuminate\\Container\\BoundMethod::call()
#20 /home/user/sistema-votacao-cnt/codigo-fonte/servico/vendor/laravel/framework/src/Illuminate/Console/Command.php(213): Illuminate\\Container\\Container->call()
#21 /home/user/sistema-votacao-cnt/codigo-fonte/servico/vendor/symfony/console/Command/Command.php(318): Illuminate\\Console\\Command->execute()
#22 /home/user/sistema-votacao-cnt/codigo-fonte/servico/vendor/laravel/framework/src/Illuminate/Console/Command.php(182): Symfony\\Component\\Console\\Command\\Command->run()
#23 /home/user/sistema-votacao-cnt/codigo-fonte/servico/vendor/symfony/console/Application.php(1073): Illuminate\\Console\\Command->run()
#24 /home/user/sistema-votacao-cnt/codigo-fonte/servico/vendor/symfony/console/Application.php(356): Symfony\\Component\\Console\\Application->doRunCommand()
#25 /home/user/sistema-votacao-cnt/codigo-fonte/servico/vendor/symfony/console/Application.php(195): Symfony\\Component\\Console\\Application->doRun()
#26 /home/user/sistema-votacao-cnt/codigo-fonte/servico/vendor/laravel/framework/src/Illuminate/Foundation/Console/Kernel.php(198): Symfony\\Component\\Console\\Application->run()
#27 /home/user/sistema-votacao-cnt/codigo-fonte/servico/artisan(24): Illuminate\\Foundation\\Console\\Kernel->handle()
#28 {main}

[previous exception] [object] (PDOException(code: 0): could not find driver at /home/user/sistema-votacao-cnt/codigo-fonte/servico/vendor/laravel/framework/src/Illuminate/Database/Connectors/Connector.php:67)
[stacktrace]
#0 /home/user/sistema-votacao-cnt/codigo-fonte/servico/vendor/laravel/framework/src/Illuminate/Database/Connectors/Connector.php(67): PDO::connect()
#1 /home/user/sistema-votacao-cnt/codigo-fonte/servico/vendor/laravel/framework/src/Illuminate/Database/Connectors/Connector.php(44): Illuminate\\Database\\Connectors\\Connector->createPdoConnection()
#2 /home/user/sistema-votacao-cnt/codigo-fonte/servico/vendor/laravel/framework/src/Illuminate/Database/Connectors/SqlServerConnector.php(32): Illuminate\\Database\\Connectors\\Connector->createConnection()
#3 /home/user/sistema-votacao-cnt/codigo-fonte/servico/vendor/laravel/framework/src/Illuminate/Database/Connectors/ConnectionFactory.php(185): Illuminate\\Database\\Connectors\\SqlServerConnector->connect()
#4 [internal function]: Illuminate\\Database\\Connectors\\ConnectionFactory->{closure:Illuminate\\Database\\Connectors\\ConnectionFactory::createPdoResolverWithHosts():180}()
#5 /home/user/sistema-votacao-cnt/codigo-fonte/servico/vendor/laravel/framework/src/Illuminate/Database/Connection.php(1231): call_user_func()
#6 /home/user/sistema-votacao-cnt/codigo-fonte/servico/vendor/laravel/framework/src/Illuminate/Database/Connection.php(1267): Illuminate\\Database\\Connection->getPdo()
#7 /home/user/sistema-votacao-cnt/codigo-fonte/servico/vendor/laravel/framework/src/Illuminate/Database/Connection.php(512): Illuminate\\Database\\Connection->getReadPdo()
#8 /home/user/sistema-votacao-cnt/codigo-fonte/servico/vendor/laravel/framework/src/Illuminate/Database/Connection.php(407): Illuminate\\Database\\Connection->getPdoForSelect()
#9 /home/user/sistema-votacao-cnt/codigo-fonte/servico/vendor/laravel/framework/src/Illuminate/Database/Connection.php(812): Illuminate\\Database\\Connection->{closure:Illuminate\\Database\\Connection::select():398}()
#10 /home/user/sistema-votacao-cnt/codigo-fonte/servico/vendor/laravel/framework/src/Illuminate/Database/Connection.php(779): Illuminate\\Database\\Connection->runQueryCallback()
#11 /home/user/sistema-votacao-cnt/codigo-fonte/servico/vendor/laravel/framework/src/Illuminate/Database/Connection.php(398): Illuminate\\Database\\Connection->run()
#12 /home/user/sistema-votacao-cnt/codigo-fonte/servico/vendor/laravel/framework/src/Illuminate/Database/Connection.php(344): Illuminate\\Database\\Connection->select()
#13 /home/user/sistema-votacao-cnt/codigo-fonte/servico/vendor/laravel/framework/src/Illuminate/Database/Connection.php(361): Illuminate\\Database\\Connection->selectOne()
#14 /home/user/sistema-votacao-cnt/codigo-fonte/servico/vendor/laravel/framework/src/Illuminate/Database/Schema/SqlServerBuilder.php(47): Illuminate\\Database\\Connection->scalar()
#15 /home/user/sistema-votacao-cnt/codigo-fonte/servico/vendor/laravel/framework/src/Illuminate/Database/Migrations/DatabaseMigrationRepository.php(184): Illuminate\\Database\\Schema\\SqlServerBuilder->hasTable()
#16 /home/user/sistema-votacao-cnt/codigo-fonte/servico/vendor/laravel/framework/src/Illuminate/Database/Migrations/Migrator.php(742): Illuminate\\Database\\Migrations\\DatabaseMigrationRepository->repositoryExists()
#17 /home/user/sistema-votacao-cnt/codigo-fonte/servico/vendor/laravel/framework/src/Illuminate/Database/Console/Migrations/MigrateCommand.php(165): Illuminate\\Database\\Migrations\\Migrator->repositoryExists()
#18 /home/user/sistema-votacao-cnt/codigo-fonte/servico/vendor/laravel/framework/src/Illuminate/Support/helpers.php(338): Illuminate\\Database\\Console\\Migrations\\MigrateCommand->{closure:Illuminate\\Database\\Console\\Migrations\\MigrateCommand::repositoryExists():165}()
#19 /home/user/sistema-votacao-cnt/codigo-fonte/servico/vendor/laravel/framework/src/Illuminate/Database/Console/Migrations/MigrateCommand.php(165): retry()
#20 /home/user/sistema-votacao-cnt/codigo-fonte/servico/vendor/laravel/framework/src/Illuminate/Database/Console/Migrations/MigrateCommand.php(141): Illuminate\\Database\\Console\\Migrations\\MigrateCommand->repositoryExists()
#21 /home/user/sistema-votacao-cnt/codigo-fonte/servico/vendor/laravel/framework/src/Illuminate/Database/Console/Migrations/MigrateCommand.php(111): Illuminate\\Database\\Console\\Migrations\\MigrateCommand->prepareDatabase()
#22 /home/user/sistema-votacao-cnt/codigo-fonte/servico/vendor/laravel/framework/src/Illuminate/Database/Migrations/Migrator.php(658): Illuminate\\Database\\Console\\Migrations\\MigrateCommand->{closure:Illuminate\\Database\\Console\\Migrations\\MigrateCommand::runMigrations():110}()
#23 /home/user/sistema-votacao-cnt/codigo-fonte/servico/vendor/laravel/framework/src/Illuminate/Database/Console/Migrations/MigrateCommand.php(110): Illuminate\\Database\\Migrations\\Migrator->usingConnection()
#24 /home/user/sistema-votacao-cnt/codigo-fonte/servico/vendor/laravel/framework/src/Illuminate/Database/Console/Migrations/MigrateCommand.php(89): Illuminate\\Database\\Console\\Migrations\\MigrateCommand->runMigrations()
#25 /home/user/sistema-votacao-cnt/codigo-fonte/servico/vendor/laravel/framework/src/Illuminate/Container/BoundMethod.php(36): Illuminate\\Database\\Console\\Migrations\\MigrateCommand->handle()
#26 /home/user/sistema-votacao-cnt/codigo-fonte/servico/vendor/laravel/framework/src/Illuminate/Container/Util.php(43): Illuminate\\Container\\BoundMethod::{closure:Illuminate\\Container\\BoundMethod::call():35}()
#27 /home/user/sistema-votacao-cnt/codigo-fonte/servico/vendor/laravel/framework/src/Illuminate/Container/BoundMethod.php(95): Illuminate\\Container\\Util::unwrapIfClosure()
#28 /home/user/sistema-votacao-cnt/codigo-fonte/servico/vendor/laravel/framework/src/Illuminate/Container/BoundMethod.php(35): Illuminate\\Container\\BoundMethod::callBoundMethod()
#29 /home/user/sistema-votacao-cnt/codigo-fonte/servico/vendor/laravel/framework/src/Illuminate/Container/Container.php(696): Illuminate\\Container\\BoundMethod::call()
#30 /home/user/sistema-votacao-cnt/codigo-fonte/servico/vendor/laravel/framework/src/Illuminate/Console/Command.php(213): Illuminate\\Container\\Container->call()
#31 /home/user/sistema-votacao-cnt/codigo-fonte/servico/vendor/symfony/console/Command/Command.php(318): Illuminate\\Console\\Command->execute()
#32 /home/user/sistema-votacao-cnt/codigo-fonte/servico/vendor/laravel/framework/src/Illuminate/Console/Command.php(182): Symfony\\Component\\Console\\Command\\Command->run()
#33 /home/user/sistema-votacao-cnt/codigo-fonte/servico/vendor/symfony/console/Application.php(1073): Illuminate\\Console\\Command->run()
#34 /home/user/sistema-votacao-cnt/codigo-fonte/servico/vendor/symfony/console/Application.php(356): Symfony\\Component\\Console\\Application->doRunCommand()
#35 /home/user/sistema-votacao-cnt/codigo-fonte/servico/vendor/symfony/console/Application.php(195): Symfony\\Component\\Console\\Application->doRun()
#36 /home/user/sistema-votacao-cnt/codigo-fonte/servico/vendor/laravel/framework/src/Illuminate/Foundation/Console/Kernel.php(198): Symfony\\Component\\Console\\Application->run()
#37 /home/user/sistema-votacao-cnt/codigo-fonte/servico/artisan(24): Illuminate\\Foundation\\Console\\Kernel->handle()
#38 {main}
"} 
